---
source: tests/integration_tests.rs
expression: pretty_output
---
bzip2-1.0.8-h99b78c6_7
bzip2-1.0.8-h99b78c6_7/LICENSE
ca-certificates-2025.8.3-hbd8a1cb_0
ca-certificates-2025.8.3-hbd8a1cb_0/LICENSE
delve-1.25.1-hce30654_0
delve-1.25.1-hce30654_0/LICENSE
delve-1.25.1-hce30654_0/license-files
delve-1.25.1-hce30654_0/license-files/github.com
delve-1.25.1-hce30654_0/license-files/github.com/cosiner
delve-1.25.1-hce30654_0/license-files/github.com/cosiner/argv
delve-1.25.1-hce30654_0/license-files/github.com/cosiner/argv/LICENSE
delve-1.25.1-hce30654_0/license-files/github.com/cpuguy83
delve-1.25.1-hce30654_0/license-files/github.com/cpuguy83/go-md2man
delve-1.25.1-hce30654_0/license-files/github.com/cpuguy83/go-md2man/v2
delve-1.25.1-hce30654_0/license-files/github.com/cpuguy83/go-md2man/v2/md2man
delve-1.25.1-hce30654_0/license-files/github.com/cpuguy83/go-md2man/v2/md2man/LICENSE.md
delve-1.25.1-hce30654_0/license-files/github.com/derekparker
delve-1.25.1-hce30654_0/license-files/github.com/derekparker/trie
delve-1.25.1-hce30654_0/license-files/github.com/derekparker/trie/LICENSE
delve-1.25.1-hce30654_0/license-files/github.com/go-delve
delve-1.25.1-hce30654_0/license-files/github.com/go-delve/delve
delve-1.25.1-hce30654_0/license-files/github.com/go-delve/delve/LICENSE
delve-1.25.1-hce30654_0/license-files/github.com/go-delve/liner
delve-1.25.1-hce30654_0/license-files/github.com/go-delve/liner/COPYING
delve-1.25.1-hce30654_0/license-files/github.com/google
delve-1.25.1-hce30654_0/license-files/github.com/google/go-dap
delve-1.25.1-hce30654_0/license-files/github.com/google/go-dap/LICENSE
delve-1.25.1-hce30654_0/license-files/github.com/hashicorp
delve-1.25.1-hce30654_0/license-files/github.com/hashicorp/golang-lru
delve-1.25.1-hce30654_0/license-files/github.com/hashicorp/golang-lru/simplelru
delve-1.25.1-hce30654_0/license-files/github.com/hashicorp/golang-lru/simplelru/LICENSE
delve-1.25.1-hce30654_0/license-files/github.com/hashicorp/golang-lru/simplelru/simplelru
delve-1.25.1-hce30654_0/license-files/github.com/hashicorp/golang-lru/simplelru/simplelru/lru.go
delve-1.25.1-hce30654_0/license-files/github.com/hashicorp/golang-lru/simplelru/simplelru/lru_interface.go
delve-1.25.1-hce30654_0/license-files/github.com/mattn
delve-1.25.1-hce30654_0/license-files/github.com/mattn/go-isatty
delve-1.25.1-hce30654_0/license-files/github.com/mattn/go-isatty/LICENSE
delve-1.25.1-hce30654_0/license-files/github.com/mattn/go-runewidth
delve-1.25.1-hce30654_0/license-files/github.com/mattn/go-runewidth/LICENSE
delve-1.25.1-hce30654_0/license-files/github.com/rivo
delve-1.25.1-hce30654_0/license-files/github.com/rivo/uniseg
delve-1.25.1-hce30654_0/license-files/github.com/rivo/uniseg/LICENSE.txt
delve-1.25.1-hce30654_0/license-files/github.com/russross
delve-1.25.1-hce30654_0/license-files/github.com/russross/blackfriday
delve-1.25.1-hce30654_0/license-files/github.com/russross/blackfriday/v2
delve-1.25.1-hce30654_0/license-files/github.com/russross/blackfriday/v2/LICENSE.txt
delve-1.25.1-hce30654_0/license-files/github.com/spf13
delve-1.25.1-hce30654_0/license-files/github.com/spf13/cobra
delve-1.25.1-hce30654_0/license-files/github.com/spf13/cobra/LICENSE.txt
delve-1.25.1-hce30654_0/license-files/github.com/spf13/pflag
delve-1.25.1-hce30654_0/license-files/github.com/spf13/pflag/LICENSE
delve-1.25.1-hce30654_0/license-files/go.starlark.net
delve-1.25.1-hce30654_0/license-files/go.starlark.net/LICENSE
delve-1.25.1-hce30654_0/license-files/golang.org
delve-1.25.1-hce30654_0/license-files/golang.org/x
delve-1.25.1-hce30654_0/license-files/golang.org/x/arch
delve-1.25.1-hce30654_0/license-files/golang.org/x/arch/LICENSE
delve-1.25.1-hce30654_0/license-files/golang.org/x/sync
delve-1.25.1-hce30654_0/license-files/golang.org/x/sync/errgroup
delve-1.25.1-hce30654_0/license-files/golang.org/x/sync/errgroup/LICENSE
delve-1.25.1-hce30654_0/license-files/golang.org/x/sys
delve-1.25.1-hce30654_0/license-files/golang.org/x/sys/unix
delve-1.25.1-hce30654_0/license-files/golang.org/x/sys/unix/LICENSE
delve-1.25.1-hce30654_0/license-files/golang.org/x/telemetry
delve-1.25.1-hce30654_0/license-files/golang.org/x/telemetry/LICENSE
delve-1.25.1-hce30654_0/license-files/gopkg.in
delve-1.25.1-hce30654_0/license-files/gopkg.in/yaml.v3
delve-1.25.1-hce30654_0/license-files/gopkg.in/yaml.v3/LICENSE
delve-1.25.1-hce30654_0/license-files/gopkg.in/yaml.v3/NOTICE
icu-75.1-hfee45f7_0
icu-75.1-hfee45f7_0/LICENSE
libblas-3.9.0-34_h10e41b3_openblas
libblas-3.9.0-34_h10e41b3_openblas/LICENSE.txt
libcblas-3.9.0-34_hb3479ef_openblas
libcblas-3.9.0-34_hb3479ef_openblas/LICENSE.txt
libcxx-20.1.8-hf598326_1
libcxx-20.1.8-hf598326_1/libcxx
libcxx-20.1.8-hf598326_1/libcxx/LICENSE.TXT
libexpat-2.7.1-hec049ff_0
libexpat-2.7.1-hec049ff_0/COPYING
libffi-3.4.6-h1da3d7d_1
libffi-3.4.6-h1da3d7d_1/LICENSE
libgfortran-15.1.0-hfdf1602_0
libgfortran-15.1.0-hfdf1602_0/COPYING3
libgfortran5-15.1.0-hb74de2c_0
libgfortran5-15.1.0-hb74de2c_0/COPYING3
liblapack-3.9.0-34_hc9a63f6_openblas
liblapack-3.9.0-34_hc9a63f6_openblas/LICENSE.txt
liblzma-5.8.1-h39f12f2_2
liblzma-5.8.1-h39f12f2_2/COPYING
liblzma-5.8.1-h39f12f2_2/COPYING.0BSD
libmpdec-4.0.0-h5505292_0
libmpdec-4.0.0-h5505292_0/COPYRIGHT.txt
libopenblas-0.3.30-openmp_h60d53f8_2
libopenblas-0.3.30-openmp_h60d53f8_2/LICENSE
libopenblas-0.3.30-openmp_h60d53f8_2/lapack-netlib
libopenblas-0.3.30-openmp_h60d53f8_2/lapack-netlib/LICENSE
libzlib-1.3.1-h8359307_2
libzlib-1.3.1-h8359307_2/LICENSE
llvm-openmp-20.1.8-hbb9b287_2
llvm-openmp-20.1.8-hbb9b287_2/openmp
llvm-openmp-20.1.8-hbb9b287_2/openmp/LICENSE.TXT
ncurses-6.5-h5e97a16_3
ncurses-6.5-h5e97a16_3/COPYING
numpy-2.3.2-py313haac90e2_1
numpy-2.3.2-py313haac90e2_1/LICENSE.txt
openssl-3.5.2-he92f556_0
openssl-3.5.2-he92f556_0/LICENSE.txt
python-3.13.5-hf3f3da0_102_cp313
python-3.13.5-hf3f3da0_102_cp313/LICENSE
python_abi-3.13-8_cp313
python_abi-3.13-8_cp313/LICENSE
readline-8.2-h1d1bf99_2
readline-8.2-h1d1bf99_2/COPYING
tk-8.6.13-h892fb3f_2
tk-8.6.13-h892fb3f_2/tcl8.6.13
tk-8.6.13-h892fb3f_2/tcl8.6.13/license.terms
tzdata-2025b-h78e105d_0
tzdata-2025b-h78e105d_0/LICENSE
