---
source: tests/integration_tests.rs
expression: pretty_output
---
asttokens-2.4.1-pyhd8ed1ab_0
asttokens-2.4.1-pyhd8ed1ab_0/LICENSE
bzip2-1.0.8-h99b78c6_7
bzip2-1.0.8-h99b78c6_7/LICENSE
ca-certificates-2024.8.30-hf0a4a13_0
ca-certificates-2024.8.30-hf0a4a13_0/LICENSE
decorator-5.1.1-pyhd8ed1ab_0
decorator-5.1.1-pyhd8ed1ab_0/LICENSE.txt
exceptiongroup-1.2.2-pyhd8ed1ab_0
exceptiongroup-1.2.2-pyhd8ed1ab_0/LICENSE
executing-2.1.0-pyhd8ed1ab_0
executing-2.1.0-pyhd8ed1ab_0/LICENSE.txt
ipython-8.28.0-pyh707e725_0
ipython-8.28.0-pyh707e725_0/LICENSE
jedi-0.19.1-pyhd8ed1ab_0
jedi-0.19.1-pyhd8ed1ab_0/LICENSE.txt
libblas-3.9.0-24_osxarm64_openblas
libblas-3.9.0-24_osxarm64_openblas/LICENSE.txt
libcblas-3.9.0-24_osxarm64_openblas
libcblas-3.9.0-24_osxarm64_openblas/LICENSE.txt
libcxx-19.1.2-ha82da77_0
libcxx-19.1.2-ha82da77_0/libcxx
libcxx-19.1.2-ha82da77_0/libcxx/LICENSE.TXT
libexpat-2.6.3-hf9b8971_0
libexpat-2.6.3-hf9b8971_0/COPYING
libffi-3.4.2-h3422bc3_5
libffi-3.4.2-h3422bc3_5/LICENSE
libgfortran-5.0.0-13_2_0_hd922786_3
libgfortran-5.0.0-13_2_0_hd922786_3/COPYING3
libgfortran5-13.2.0-hf226fd6_3
libgfortran5-13.2.0-hf226fd6_3/COPYING3
liblapack-3.9.0-24_osxarm64_openblas
liblapack-3.9.0-24_osxarm64_openblas/LICENSE.txt
libmpdec-4.0.0-h99b78c6_0
libmpdec-4.0.0-h99b78c6_0/COPYRIGHT.txt
libopenblas-0.3.27-openmp_h517c56d_1
libopenblas-0.3.27-openmp_h517c56d_1/LICENSE
libopenblas-0.3.27-openmp_h517c56d_1/lapack-netlib
libopenblas-0.3.27-openmp_h517c56d_1/lapack-netlib/LICENSE
libzlib-1.3.1-h8359307_2
libzlib-1.3.1-h8359307_2/LICENSE
llvm-openmp-19.1.2-hb52a8e5_0
llvm-openmp-19.1.2-hb52a8e5_0/openmp
llvm-openmp-19.1.2-hb52a8e5_0/openmp/LICENSE.TXT
matplotlib-inline-0.1.7-pyhd8ed1ab_0
matplotlib-inline-0.1.7-pyhd8ed1ab_0/LICENSE
multipledispatch-0.6.0-pyhd8ed1ab_1
multipledispatch-0.6.0-pyhd8ed1ab_1/LICENSE.txt
ncurses-6.5-h7bae524_1
ncurses-6.5-h7bae524_1/COPYING
numpy-2.1.2-py313hab0c69d_0
numpy-2.1.2-py313hab0c69d_0/LICENSE.txt
openssl-3.3.2-h8359307_0
openssl-3.3.2-h8359307_0/LICENSE.txt
pandas-2.2.3-py313h47b39a6_1
pandas-2.2.3-py313h47b39a6_1/LICENSE
parso-0.8.4-pyhd8ed1ab_0
parso-0.8.4-pyhd8ed1ab_0/LICENSE.txt
pexpect-4.9.0-pyhd8ed1ab_0
pexpect-4.9.0-pyhd8ed1ab_0/LICENSE
pickleshare-0.7.5-py_1003
pickleshare-0.7.5-py_1003/LICENSE
pip-24.2-pyh145f28c_1
pip-24.2-pyh145f28c_1/LICENSE.txt
prompt-toolkit-3.0.48-pyha770c72_0
prompt-toolkit-3.0.48-pyha770c72_0/LICENSE
pure_eval-0.2.3-pyhd8ed1ab_0
pure_eval-0.2.3-pyhd8ed1ab_0/LICENSE.txt
pygments-2.18.0-pyhd8ed1ab_0
pygments-2.18.0-pyhd8ed1ab_0/LICENSE
python-3.13.0-h206b6c5_100_cp313
python-3.13.0-h206b6c5_100_cp313/LICENSE
python-dateutil-2.9.0-pyhd8ed1ab_0
python-dateutil-2.9.0-pyhd8ed1ab_0/LICENSE
python-tzdata-2024.2-pyhd8ed1ab_0
python-tzdata-2024.2-pyhd8ed1ab_0/LICENSE
python_abi-3.13-5_cp313
python_abi-3.13-5_cp313/LICENSE
pytz-2024.1-pyhd8ed1ab_0
pytz-2024.1-pyhd8ed1ab_0/LICENSE.txt
readline-8.2-h92ec313_1
readline-8.2-h92ec313_1/COPYING
six-1.16.0-pyh6c4a22f_0
six-1.16.0-pyh6c4a22f_0/LICENSE
stack_data-0.6.2-pyhd8ed1ab_0
stack_data-0.6.2-pyhd8ed1ab_0/LICENSE.txt
tk-8.6.13-h5083fa2_1
tk-8.6.13-h5083fa2_1/tcl8.6.13
tk-8.6.13-h5083fa2_1/tcl8.6.13/license.terms
traitlets-5.14.3-pyhd8ed1ab_0
traitlets-5.14.3-pyhd8ed1ab_0/LICENSE
typing_extensions-4.12.2-pyha770c72_0
typing_extensions-4.12.2-pyha770c72_0/LICENSE
tzdata-2024b-hc8b5060_0
tzdata-2024b-hc8b5060_0/LICENSE
wcwidth-0.2.13-pyhd8ed1ab_0
wcwidth-0.2.13-pyhd8ed1ab_0/LICENSE
xz-5.2.6-h57fd34a_0
xz-5.2.6-h57fd34a_0/COPYING
